Starting figure generation: 16-Mar-2026 13:08:01
Figure 2: examples...
Error: Unrecognized table variable name 'unit_id'.
Starting figure generation: 16-Mar-2026 13:14:09
Figure 2: examples...
Starting figure generation: 16-Mar-2026 13:40:07
Figure 2: examples...
Starting figure generation: 16-Mar-2026 13:56:31
Figure 2: examples...
Starting figure generation: 16-Mar-2026 15:31:42
Figure 2: examples...
Starting figure generation: 16-Mar-2026 15:57:57
Figure 2: examples...
Starting figure generation: 16-Mar-2026 16:21:50
Figure 2: examples...
Starting figure generation: 16-Mar-2026 16:29:45
Figure 2: examples...
Starting figure generation: 16-Mar-2026 17:00:51
Figure 2: examples...
Starting figure generation: 16-Mar-2026 17:11:21
Figure 2: examples...
Figure 2 done.
Figure 3: pooled...
Error: Unrecognized table variable name 'unit_id'.
Starting figure generation: 16-Mar-2026 17:34:48
Figure 2: examples...
Figure 2 done.
Figure 3: pooled...
Starting figure generation: 16-Mar-2026 17:51:39
Figure 2: examples...
Figure 2 done.
Figure S2: LLR...
Error: Unrecognized table variable name 'pEvoked_v_pBase_LLR'.
Starting figure generation: 16-Mar-2026 18:19:26
Figure 2: examples...
Figure 2 done.
Figure S2: LLR...
Figure S2 done.
All figures complete: 16-Mar-2026 18:21:00
Starting figure generation: 16-Mar-2026 18:26:16
Figure 2: examples...
Figure 2 done.
Figure S2: LLR...
Error: Subscripted assignment between dissimilar structures.
Starting figure generation: 16-Mar-2026 18:30:25
Figure 2: examples...
Figure 2 done.
Figure S2: LLR...
Figure S2 done.
Figure 3: pooled...
Starting figure generation: 17-Mar-2026 12:21:27
Figure 2: examples...
Figure 2 done.
Figure S2: LLR...
Figure S2 done.
Figure 3: pooled...
Figure 3 done.
All figures complete: 17-Mar-2026 12:24:09
Starting figure generation: 17-Mar-2026 17:50:47
Figure 2: examples...
Figure 2 done.
Figure S2: LLR...
Figure S2 done.
Figure 3: pooled...
Figure 3 done.
All figures complete: 17-Mar-2026 17:52:53
Starting figure generation: 17-Mar-2026 17:54:36
Figure 2: examples...
Figure 2 done.
Figure S2: LLR...
Figure S2 done.
Figure 3: pooled...
Figure 3 done.
All figures complete: 17-Mar-2026 17:56:35
Starting figure generation: 24-Mar-2026 14:12:53
Figure 2: examples...
Figure 2 done.
Figure S2: LLR...
Figure S2 done.
Figure 3: pooled...
Figure 3 done.
Figure S1: baseline-value combined...
Figure S1 done.
All figures complete: 24-Mar-2026 14:23:37
Starting figure generation: 21-Apr-2026 09:43:38
Figure 2: examples...
Figure 2 done.
Figure S2: LLR...
Figure S2 done.
Figure 3: pooled...
Figure 3 done.
Figure S1 summary row...
Figure S1 summary done.
Figure S1 combined...
Figure S1 combined done.
All figures complete: 21-Apr-2026 10:02:27
Starting figure generation: 27-Apr-2026 11:43:40
Figure 2: examples...
Figure 2 done.
Figure S2: LLR...
Figure S2 done.
Figure 3: pooled...
Figure 3 done.
Figure S1 summary row...
Figure S1 summary done.
Figure S1 combined...
Figure S1 combined done.
All figures complete: 27-Apr-2026 11:59:43
Starting figure generation: 27-Apr-2026 12:46:39
Figure 2: examples...
Figure 2 done.
Figure S2: LLR...
Figure S2 done.
Figure 3: pooled...
Figure 3 done.
Figure S1 summary row...
Figure S1 summary done.
Figure S1 combined...
Figure S1 combined done.
All figures complete: 27-Apr-2026 12:58:14
Starting figure generation: 27-Apr-2026 13:43:02
Figure 2: examples...
Figure 2 done.
Figure S2: LLR...
Figure S2 done.
Figure 3: pooled...
Figure 3 done.
Figure S1 summary row...
Starting figure generation: 27-Apr-2026 15:06:34
Figure 2: examples...
Figure 2 done.
Figure S2: LLR...
Figure S2 done.
Figure 3: pooled...
Figure 3 done.
Figure S1 summary row...
Figure S1 summary done.
Figure S1 combined...
Figure S1 combined done.
All figures complete: 27-Apr-2026 15:19:29
